#conn test-conn loaded

version 2.0

config setup
	oe=no
	nat_traversal=yes
	virtual_private=%v4:10.0.0.0/8,%v4:192.168.0.0/16,%v4:172.16.0.0/12,%v4:25.0.0.0/8,%v6:fd00::/8,%v6:fe80::/10
	protostack=auto


# begin conn test-conn
conn test-conn
	left=2001:db8::2
	leftsubnet=2001:db8:1::/60
	right=2001:db8:2::af83
	authby=secret
	salifetime=1200
	ikelifetime=3600
	ike=aes128-sha2_256;modp8192!
	phase2alg=aes128-sha1;modp8192
	auto=ignore
	type=tunnel
	compress=no
	pfs=yes
	rekey=yes
	overlapip=no
	ikev1=yes
	authby=secret
	phase2=esp
	ikev2=never
	endaddrfamily=ipv6
	tunneladdrfamily=ipv6
# end conn test-conn

# end of config
